// Jest Snapshot v1, https://goo.gl/fbAQLP

exports[`codegen run process data and templates 1`] = `
"export const AllDomainResources = [
  "prefixAccount",
  "prefixActivityDefinition",
  "prefixAdministrableProductDefinition",
  "prefixAdverseEvent",
  "prefixAllergyIntolerance",
  "prefixAuditEvent",
  "prefixBasic",
  "prefixBiologicallyDerivedProduct",
  "prefixBodyStructure",
  "prefixCapabilityStatement",
  "prefixCarePlan",
  "prefixCareTeam",
  "prefixCatalogEntry",
  "prefixChargeItem",
  "prefixChargeItemDefinition",
  "prefixCitation",
  "prefixClaim",
  "prefixClaimResponse",
  "prefixClinicalImpression",
  "prefixClinicalUseDefinition",
  "prefixCodeSystem",
  "prefixCommunication",
  "prefixCommunicationRequest",
  "prefixCompartmentDefinition",
  "prefixComposition",
  "prefixConceptMap",
  "prefixCondition",
  "prefixConsent",
  "prefixContract",
  "prefixCoverage",
  "prefixCoverageEligibilityRequest",
  "prefixCoverageEligibilityResponse",
  "prefixDetectedIssue",
  "prefixDevice",
  "prefixDeviceDefinition",
  "prefixDeviceMetric",
  "prefixDeviceRequest",
  "prefixDeviceUseStatement",
  "prefixDiagnosticReport",
  "prefixDocumentManifest",
  "prefixDocumentReference",
  "prefixEncounter",
  "prefixEndpoint",
  "prefixEnrollmentRequest",
  "prefixEnrollmentResponse",
  "prefixEpisodeOfCare",
  "prefixEventDefinition",
  "prefixEvidence",
  "prefixEvidenceReport",
  "prefixEvidenceVariable",
  "prefixExampleScenario",
  "prefixExplanationOfBenefit",
  "prefixFamilyMemberHistory",
  "prefixFlag",
  "prefixGoal",
  "prefixGraphDefinition",
  "prefixGroup",
  "prefixGuidanceResponse",
  "prefixHealthcareService",
  "prefixImagingStudy",
  "prefixImmunization",
  "prefixImmunizationEvaluation",
  "prefixImmunizationRecommendation",
  "prefixImplementationGuide",
  "prefixIngredient",
  "prefixInsurancePlan",
  "prefixInvoice",
  "prefixLibrary",
  "prefixLinkage",
  "prefixList",
  "prefixLocation",
  "prefixManufacturedItemDefinition",
  "prefixMeasure",
  "prefixMeasureReport",
  "prefixMedia",
  "prefixMedication",
  "prefixMedicationAdministration",
  "prefixMedicationDispense",
  "prefixMedicationKnowledge",
  "prefixMedicationRequest",
  "prefixMedicationStatement",
  "prefixMedicinalProductDefinition",
  "prefixMessageDefinition",
  "prefixMessageHeader",
  "prefixMolecularSequence",
  "prefixNamingSystem",
  "prefixNutritionOrder",
  "prefixNutritionProduct",
  "prefixObservation",
  "prefixObservationDefinition",
  "prefixOperationDefinition",
  "prefixOperationOutcome",
  "prefixOrganization",
  "prefixOrganizationAffiliation",
  "prefixPackagedProductDefinition",
  "prefixPatient",
  "prefixPaymentNotice",
  "prefixPaymentReconciliation",
  "prefixPerson",
  "prefixPlanDefinition",
  "prefixPractitioner",
  "prefixPractitionerRole",
  "prefixProcedure",
  "prefixProvenance",
  "prefixQuestionnaire",
  "prefixQuestionnaireResponse",
  "prefixRegulatedAuthorization",
  "prefixRelatedPerson",
  "prefixRequestGroup",
  "prefixResearchDefinition",
  "prefixResearchElementDefinition",
  "prefixResearchStudy",
  "prefixResearchSubject",
  "prefixRiskAssessment",
  "prefixSchedule",
  "prefixSearchParameter",
  "prefixServiceRequest",
  "prefixSlot",
  "prefixSpecimen",
  "prefixSpecimenDefinition",
  "prefixStructureDefinition",
  "prefixStructureMap",
  "prefixSubscription",
  "prefixSubscriptionStatus",
  "prefixSubscriptionTopic",
  "prefixSubstance",
  "prefixSubstanceDefinition",
  "prefixSupplyDelivery",
  "prefixSupplyRequest",
  "prefixTask",
  "prefixTerminologyCapabilities",
  "prefixTestReport",
  "prefixTestScript",
  "prefixValueSet",
  "prefixVerificationResult",
  "prefixVisionPrescription",
];
"
`;
